/home/josue/Bureau/sfd_ext/src/main/java/carmes/fnm/sfdapp/service/MailService.java
/home/josue/Bureau/sfd_ext/src/main/java/carmes/fnm/sfdapp/gateway/responserewriting/SwaggerBasePathRewritingFilter.java
/home/josue/Bureau/sfd_ext/src/main/java/carmes/fnm/sfdapp/web/rest/LogsResource.java
/home/josue/Bureau/sfd_ext/src/main/java/carmes/fnm/sfdapp/service/UserServiceCustom.java
/home/josue/Bureau/sfd_ext/src/main/java/carmes/fnm/sfdapp/util/CarmesResultInfo.java
/home/josue/Bureau/sfd_ext/src/main/java/carmes/fnm/sfdapp/service/dto/UserDTO.java
/home/josue/Bureau/sfd_ext/src/main/java/carmes/fnm/sfdapp/repository/SPUserRepository2.java
/home/josue/Bureau/sfd_ext/src/main/java/carmes/fnm/sfdapp/web/rest/AccountResource.java
/home/josue/Bureau/sfd_ext/src/main/java/carmes/fnm/sfdapp/util/Util.java
/home/josue/Bureau/sfd_ext/src/main/java/carmes/fnm/sfdapp/service/RessourceService.java
/home/josue/Bureau/sfd_ext/src/main/java/carmes/fnm/sfdapp/config/CloudDatabaseConfiguration.java
/home/josue/Bureau/sfd_ext/src/main/java/carmes/fnm/sfdapp/web/rest/package-info.java
/home/josue/Bureau/sfd_ext/src/main/java/carmes/fnm/sfdapp/web/rest/errors/FieldErrorVM.java
/home/josue/Bureau/sfd_ext/src/main/java/carmes/fnm/sfdapp/repository/UserRepositoryCustomImpl.java
/home/josue/Bureau/sfd_ext/src/main/java/carmes/fnm/sfdapp/web/rest/vm/package-info.java
/home/josue/Bureau/sfd_ext/src/main/java/carmes/fnm/sfdapp/web/rest/util/PaginationUtil.java
/home/josue/Bureau/sfd_ext/src/main/java/carmes/fnm/sfdapp/config/JacksonConfiguration.java
/home/josue/Bureau/sfd_ext/src/main/java/carmes/fnm/sfdapp/domain/User.java
/home/josue/Bureau/sfd_ext/src/main/java/carmes/fnm/sfdapp/util/RessourceInfo.java
/home/josue/Bureau/sfd_ext/src/main/java/carmes/fnm/sfdapp/SfdApp.java
/home/josue/Bureau/sfd_ext/src/main/java/carmes/fnm/sfdapp/config/LocaleConfiguration.java
/home/josue/Bureau/sfd_ext/src/main/java/carmes/fnm/sfdapp/web/rest/UserResourceCustom.java
/home/josue/Bureau/sfd_ext/src/main/java/carmes/fnm/sfdapp/repository/SPUserRepositoryImpl.java
/home/josue/Bureau/sfd_ext/src/main/java/carmes/fnm/sfdapp/config/UrlServerConfig.java
/home/josue/Bureau/sfd_ext/src/main/java/carmes/fnm/sfdapp/web/rest/vm/LoginVM.java
/home/josue/Bureau/sfd_ext/src/main/java/carmes/fnm/sfdapp/config/DatabaseConfiguration.java
/home/josue/Bureau/sfd_ext/src/main/java/carmes/fnm/sfdapp/config/audit/AuditEventConverter.java
/home/josue/Bureau/sfd_ext/src/main/java/carmes/fnm/sfdapp/config/ApplicationProperties.java
/home/josue/Bureau/sfd_ext/src/main/java/carmes/fnm/sfdapp/repository/CustomUserRepository.java
/home/josue/Bureau/sfd_ext/src/main/java/carmes/fnm/sfdapp/gateway/accesscontrol/AccessControlFilter.java
/home/josue/Bureau/sfd_ext/src/main/java/carmes/fnm/sfdapp/service/mapper/CustomUserMapper.java
/home/josue/Bureau/sfd_ext/src/main/java/carmes/fnm/sfdapp/repository/AuthorityResourceRepository.java
/home/josue/Bureau/sfd_ext/src/main/java/carmes/fnm/sfdapp/service/AuditEventService.java
/home/josue/Bureau/sfd_ext/src/main/java/carmes/fnm/sfdapp/service/dto/RessourceCriteria.java
/home/josue/Bureau/sfd_ext/src/main/java/carmes/fnm/sfdapp/web/rest/vm/LoggerVM.java
/home/josue/Bureau/sfd_ext/src/main/java/carmes/fnm/sfdapp/config/MetricsConfiguration.java
/home/josue/Bureau/sfd_ext/src/main/java/carmes/fnm/sfdapp/config/ElasticsearchConfiguration.java
/home/josue/Bureau/sfd_ext/src/main/java/carmes/fnm/sfdapp/web/rest/errors/ErrorVM.java
/home/josue/Bureau/sfd_ext/src/main/java/carmes/fnm/sfdapp/web/rest/errors/CustomParameterizedException.java
/home/josue/Bureau/sfd_ext/src/main/java/carmes/fnm/sfdapp/config/SecurityConfiguration.java
/home/josue/Bureau/sfd_ext/src/main/java/carmes/fnm/sfdapp/security/jwt/TokenProvider.java
/home/josue/Bureau/sfd_ext/src/main/java/carmes/fnm/sfdapp/config/LoggingConfiguration.java
/home/josue/Bureau/sfd_ext/src/main/java/carmes/fnm/sfdapp/security/UserNotAuthorizedOnPlatformException.java
/home/josue/Bureau/sfd_ext/src/main/java/carmes/fnm/sfdapp/domain/AbstractAuditingEntity.java
/home/josue/Bureau/sfd_ext/src/main/java/carmes/fnm/sfdapp/domain/Authority.java
/home/josue/Bureau/sfd_ext/src/main/java/carmes/fnm/sfdapp/config/DataSourceConfig.java
/home/josue/Bureau/sfd_ext/src/main/java/carmes/fnm/sfdapp/web/rest/errors/ExceptionTranslator.java
/home/josue/Bureau/sfd_ext/src/main/java/carmes/fnm/sfdapp/repository/SPUserRepository.java
/home/josue/Bureau/sfd_ext/src/main/java/carmes/fnm/sfdapp/service/dto/AuthorityResourceCriteria.java
/home/josue/Bureau/sfd_ext/src/main/java/carmes/fnm/sfdapp/web/rest/UserJWTController.java
/home/josue/Bureau/sfd_ext/src/main/java/carmes/fnm/sfdapp/util/BooleanFilter.java
/home/josue/Bureau/sfd_ext/src/main/java/carmes/fnm/sfdapp/service/dto/package-info.java
/home/josue/Bureau/sfd_ext/src/main/java/carmes/fnm/sfdapp/web/rest/CustomUserResource.java
/home/josue/Bureau/sfd_ext/src/main/java/carmes/fnm/sfdapp/service/RessourceQueryService.java
/home/josue/Bureau/sfd_ext/src/main/java/carmes/fnm/sfdapp/repository/package-info.java
/home/josue/Bureau/sfd_ext/src/main/java/carmes/fnm/sfdapp/service/dto/RessourceDTO.java
/home/josue/Bureau/sfd_ext/src/main/java/carmes/fnm/sfdapp/domain/PersistentAuditEvent.java
/home/josue/Bureau/sfd_ext/src/main/java/carmes/fnm/sfdapp/ApplicationWebXml.java
/home/josue/Bureau/sfd_ext/src/main/java/carmes/fnm/sfdapp/repository/UserRepository.java
/home/josue/Bureau/sfd_ext/src/main/java/carmes/fnm/sfdapp/service/dto/UserCriteria.java
/home/josue/Bureau/sfd_ext/src/main/java/carmes/fnm/sfdapp/service/util/RandomUtil.java
/home/josue/Bureau/sfd_ext/src/main/java/carmes/fnm/sfdapp/util/ListeUtilisateurParProfilInfo.java
/home/josue/Bureau/sfd_ext/src/main/java/carmes/fnm/sfdapp/service/dto/AuthorityResourceDTO.java
/home/josue/Bureau/sfd_ext/src/main/java/carmes/fnm/sfdapp/service/mapper/UserMapper.java
/home/josue/Bureau/sfd_ext/src/main/java/carmes/fnm/sfdapp/service/DataSourceService.java
/home/josue/Bureau/sfd_ext/src/main/java/carmes/fnm/sfdapp/security/jwt/JWTConfigurer.java
/home/josue/Bureau/sfd_ext/src/main/java/carmes/fnm/sfdapp/service/CustomUserService.java
/home/josue/Bureau/sfd_ext/src/main/java/carmes/fnm/sfdapp/service/dto/CustomUserCriteria.java
/home/josue/Bureau/sfd_ext/src/main/java/carmes/fnm/sfdapp/web/rest/AuthorityResourceResource.java
/home/josue/Bureau/sfd_ext/src/main/java/carmes/fnm/sfdapp/service/dto/AuthorityCriteria.java
/home/josue/Bureau/sfd_ext/src/main/java/carmes/fnm/sfdapp/service/AuthorityService.java
/home/josue/Bureau/sfd_ext/src/main/java/carmes/fnm/sfdapp/service/mapper/AuthorityResourceMapper.java
/home/josue/Bureau/sfd_ext/src/main/java/carmes/fnm/sfdapp/repository/CustomAuditEventRepository.java
/home/josue/Bureau/sfd_ext/src/main/java/carmes/fnm/sfdapp/service/mapper/EntityMapper.java
/home/josue/Bureau/sfd_ext/src/main/java/carmes/fnm/sfdapp/web/rest/errors/ParameterizedErrorVM.java
/home/josue/Bureau/sfd_ext/src/main/java/carmes/fnm/sfdapp/config/audit/package-info.java
/home/josue/Bureau/sfd_ext/src/main/java/carmes/fnm/sfdapp/util/RessourceCodeInfo.java
/home/josue/Bureau/sfd_ext/src/main/java/carmes/fnm/sfdapp/config/apidoc/GatewaySwaggerResourcesProvider.java
/home/josue/Bureau/sfd_ext/src/main/java/carmes/fnm/sfdapp/web/rest/AuthorityResource.java
/home/josue/Bureau/sfd_ext/src/main/java/carmes/fnm/sfdapp/repository/UserRepositoryCustom2.java
/home/josue/Bureau/sfd_ext/src/main/java/carmes/fnm/sfdapp/config/ThymeleafConfiguration.java
/home/josue/Bureau/sfd_ext/src/main/java/carmes/fnm/sfdapp/config/package-info.java
/home/josue/Bureau/sfd_ext/src/main/java/carmes/fnm/sfdapp/service/mapper/RessourceMapper.java
/home/josue/Bureau/sfd_ext/src/main/java/carmes/fnm/sfdapp/util/UserSFDInfo.java
/home/josue/Bureau/sfd_ext/src/main/java/carmes/fnm/sfdapp/service/UserService.java
/home/josue/Bureau/sfd_ext/src/main/java/carmes/fnm/sfdapp/config/Constants.java
/home/josue/Bureau/sfd_ext/src/main/java/carmes/fnm/sfdapp/service/mapper/AuthorityMapper.java
/home/josue/Bureau/sfd_ext/src/main/java/carmes/fnm/sfdapp/service/AuthorityQueryService.java
/home/josue/Bureau/sfd_ext/src/main/java/carmes/fnm/sfdapp/util/ListeUtilisateurAgenceInfo.java
/home/josue/Bureau/sfd_ext/src/main/java/carmes/fnm/sfdapp/config/WebConfigurer.java
/home/josue/Bureau/sfd_ext/src/main/java/carmes/fnm/sfdapp/service/dto/AuthorityDTO.java
/home/josue/Bureau/sfd_ext/src/main/java/carmes/fnm/sfdapp/util/AuthorityInfo.java
/home/josue/Bureau/sfd_ext/src/main/java/carmes/fnm/sfdapp/security/SecurityUtils.java
/home/josue/Bureau/sfd_ext/src/main/java/carmes/fnm/sfdapp/util/UserInfo.java
/home/josue/Bureau/sfd_ext/src/main/java/carmes/fnm/sfdapp/web/rest/AuditUserResource.java
/home/josue/Bureau/sfd_ext/src/main/java/carmes/fnm/sfdapp/config/DateTimeFormatConfiguration.java
/home/josue/Bureau/sfd_ext/src/main/java/carmes/fnm/sfdapp/repository/AuthorityRepository.java
/home/josue/Bureau/sfd_ext/src/main/java/carmes/fnm/sfdapp/web/rest/SPUserRessource.java
/home/josue/Bureau/sfd_ext/src/main/java/carmes/fnm/sfdapp/util/UserResourceAgenceInfo.java
/home/josue/Bureau/sfd_ext/src/main/java/carmes/fnm/sfdapp/config/CacheConfiguration.java
/home/josue/Bureau/sfd_ext/src/main/java/carmes/fnm/sfdapp/domain/DefaultEntity.java
/home/josue/Bureau/sfd_ext/src/main/java/carmes/fnm/sfdapp/domain/package-info.java
/home/josue/Bureau/sfd_ext/src/main/java/carmes/fnm/sfdapp/config/DefaultProfileUtil.java
/home/josue/Bureau/sfd_ext/src/main/java/carmes/fnm/sfdapp/web/rest/GatewayResource.java
/home/josue/Bureau/sfd_ext/src/main/java/carmes/fnm/sfdapp/service/mapper/package-info.java
/home/josue/Bureau/sfd_ext/src/main/java/carmes/fnm/sfdapp/security/SpringSecurityAuditorAware.java
/home/josue/Bureau/sfd_ext/src/main/java/carmes/fnm/sfdapp/config/LoggingAspectConfiguration.java
/home/josue/Bureau/sfd_ext/src/main/java/carmes/fnm/sfdapp/security/jwt/JWTFilter.java
/home/josue/Bureau/sfd_ext/src/main/java/carmes/fnm/sfdapp/web/rest/util/MessageWhatsapp.java
/home/josue/Bureau/sfd_ext/src/main/java/carmes/fnm/sfdapp/domain/CustomUser.java
/home/josue/Bureau/sfd_ext/src/main/java/carmes/fnm/sfdapp/util/ResultInfo.java
/home/josue/Bureau/sfd_ext/src/main/java/carmes/fnm/sfdapp/service/dto/CustomUserDTO.java
/home/josue/Bureau/sfd_ext/src/main/java/carmes/fnm/sfdapp/security/package-info.java
/home/josue/Bureau/sfd_ext/src/main/java/carmes/fnm/sfdapp/service/package-info.java
/home/josue/Bureau/sfd_ext/src/main/java/carmes/fnm/sfdapp/web/rest/ProfileInfoResource.java
/home/josue/Bureau/sfd_ext/src/main/java/carmes/fnm/sfdapp/web/rest/AuditResource.java
/home/josue/Bureau/sfd_ext/src/main/java/carmes/fnm/sfdapp/web/rest/UserResource.java
/home/josue/Bureau/sfd_ext/src/main/java/carmes/fnm/sfdapp/domain/enumeration/TypeUser.java
/home/josue/Bureau/sfd_ext/src/main/java/carmes/fnm/sfdapp/util/QrCodeUserSFDInfo.java
/home/josue/Bureau/sfd_ext/src/main/java/carmes/fnm/sfdapp/web/rest/RessourceResource.java
/home/josue/Bureau/sfd_ext/src/main/java/carmes/fnm/sfdapp/service/SPUserService.java
/home/josue/Bureau/sfd_ext/src/main/java/carmes/fnm/sfdapp/repository/RessourceRepository.java
/home/josue/Bureau/sfd_ext/src/main/java/carmes/fnm/sfdapp/web/rest/vm/KeyAndPasswordVM.java
/home/josue/Bureau/sfd_ext/src/main/java/carmes/fnm/sfdapp/web/rest/vm/RouteVM.java
/home/josue/Bureau/sfd_ext/src/main/java/carmes/fnm/sfdapp/gateway/ratelimiting/RateLimitingFilter.java
/home/josue/Bureau/sfd_ext/src/main/java/carmes/fnm/sfdapp/repository/UserRepositoryCustom.java
/home/josue/Bureau/sfd_ext/src/main/java/carmes/fnm/sfdapp/config/AsyncConfiguration.java
/home/josue/Bureau/sfd_ext/src/main/java/carmes/fnm/sfdapp/config/GatewayConfiguration.java
/home/josue/Bureau/sfd_ext/src/main/java/carmes/fnm/sfdapp/domain/Ressource.java
/home/josue/Bureau/sfd_ext/src/main/java/carmes/fnm/sfdapp/domain/AuthorityResource.java
/home/josue/Bureau/sfd_ext/src/main/java/carmes/fnm/sfdapp/aop/logging/LoggingAspect.java
/home/josue/Bureau/sfd_ext/src/main/java/carmes/fnm/sfdapp/service/UserQueryService.java
/home/josue/Bureau/sfd_ext/src/main/java/carmes/fnm/sfdapp/service/CustomUserQueryService.java
/home/josue/Bureau/sfd_ext/src/main/java/carmes/fnm/sfdapp/gateway/TokenRelayFilter.java
/home/josue/Bureau/sfd_ext/src/main/java/carmes/fnm/sfdapp/security/DomainUserDetailsService.java
/home/josue/Bureau/sfd_ext/src/main/java/carmes/fnm/sfdapp/util/QrCodeUserFNMInfo.java
/home/josue/Bureau/sfd_ext/src/main/java/carmes/fnm/sfdapp/service/AuthorityResourceQueryService.java
/home/josue/Bureau/sfd_ext/src/main/java/carmes/fnm/sfdapp/web/rest/vm/ManagedUserVM.java
/home/josue/Bureau/sfd_ext/src/main/java/carmes/fnm/sfdapp/security/UserNotActivatedException.java
/home/josue/Bureau/sfd_ext/src/main/java/carmes/fnm/sfdapp/web/rest/util/HeaderUtil.java
/home/josue/Bureau/sfd_ext/src/main/java/carmes/fnm/sfdapp/web/rest/errors/ErrorConstants.java
/home/josue/Bureau/sfd_ext/src/main/java/carmes/fnm/sfdapp/security/AuthoritiesConstants.java
/home/josue/Bureau/sfd_ext/src/main/java/carmes/fnm/sfdapp/service/AuthorityResourceService.java
/home/josue/Bureau/sfd_ext/src/main/java/carmes/fnm/sfdapp/repository/PersistenceAuditEventRepository.java
