C:\ADS\sfd\src\main\java\carmes\fnm\sfdapp\repository\SPUserRepository2.java
C:\ADS\sfd\src\main\java\carmes\fnm\sfdapp\config\DatabaseConfiguration.java
C:\ADS\sfd\src\main\java\carmes\fnm\sfdapp\service\mapper\package-info.java
C:\ADS\sfd\src\main\java\carmes\fnm\sfdapp\gateway\ratelimiting\RateLimitingFilter.java
C:\ADS\sfd\src\main\java\carmes\fnm\sfdapp\config\MetricsConfiguration.java
C:\ADS\sfd\src\main\java\carmes\fnm\sfdapp\web\rest\SPUserRessource.java
C:\ADS\sfd\src\main\java\carmes\fnm\sfdapp\web\rest\UserResource.java
C:\ADS\sfd\src\main\java\carmes\fnm\sfdapp\domain\CustomUser.java
C:\ADS\sfd\src\main\java\carmes\fnm\sfdapp\web\rest\CustomUserResource.java
C:\ADS\sfd\src\main\java\carmes\fnm\sfdapp\config\CacheConfiguration.java
C:\ADS\sfd\src\main\java\carmes\fnm\sfdapp\service\mapper\RessourceMapper.java
C:\ADS\sfd\src\main\java\carmes\fnm\sfdapp\service\package-info.java
C:\ADS\sfd\src\main\java\carmes\fnm\sfdapp\config\CloudDatabaseConfiguration.java
C:\ADS\sfd\src\main\java\carmes\fnm\sfdapp\config\package-info.java
C:\ADS\sfd\src\main\java\carmes\fnm\sfdapp\web\rest\vm\ManagedUserVM.java
C:\ADS\sfd\src\main\java\carmes\fnm\sfdapp\domain\AuthorityResource.java
C:\ADS\sfd\src\main\java\carmes\fnm\sfdapp\domain\AbstractAuditingEntity.java
C:\ADS\sfd\src\main\java\carmes\fnm\sfdapp\web\rest\vm\package-info.java
C:\ADS\sfd\src\main\java\carmes\fnm\sfdapp\util\BooleanFilter.java
C:\ADS\sfd\src\main\java\carmes\fnm\sfdapp\service\mapper\AuthorityMapper.java
C:\ADS\sfd\src\main\java\carmes\fnm\sfdapp\config\JacksonConfiguration.java
C:\ADS\sfd\src\main\java\carmes\fnm\sfdapp\util\AuthorityInfo.java
C:\ADS\sfd\src\main\java\carmes\fnm\sfdapp\util\UserInfo.java
C:\ADS\sfd\src\main\java\carmes\fnm\sfdapp\web\rest\GatewayResource.java
C:\ADS\sfd\src\main\java\carmes\fnm\sfdapp\repository\PersistenceAuditEventRepository.java
C:\ADS\sfd\src\main\java\carmes\fnm\sfdapp\service\dto\AuthorityCriteria.java
C:\ADS\sfd\src\main\java\carmes\fnm\sfdapp\service\SPUserService.java
C:\ADS\sfd\src\main\java\carmes\fnm\sfdapp\service\AuthorityResourceQueryService.java
C:\ADS\sfd\src\main\java\carmes\fnm\sfdapp\config\AsyncConfiguration.java
C:\ADS\sfd\src\main\java\carmes\fnm\sfdapp\security\SecurityUtils.java
C:\ADS\sfd\src\main\java\carmes\fnm\sfdapp\repository\UserRepositoryCustomImpl.java
C:\ADS\sfd\src\main\java\carmes\fnm\sfdapp\config\LoggingConfiguration.java
C:\ADS\sfd\src\main\java\carmes\fnm\sfdapp\service\dto\package-info.java
C:\ADS\sfd\src\main\java\carmes\fnm\sfdapp\config\apidoc\GatewaySwaggerResourcesProvider.java
C:\ADS\sfd\src\main\java\carmes\fnm\sfdapp\web\rest\ProfileInfoResource.java
C:\ADS\sfd\src\main\java\carmes\fnm\sfdapp\service\CustomUserQueryService.java
C:\ADS\sfd\src\main\java\carmes\fnm\sfdapp\ApplicationWebXml.java
C:\ADS\sfd\src\main\java\carmes\fnm\sfdapp\security\DomainUserDetailsService.java
C:\ADS\sfd\src\main\java\carmes\fnm\sfdapp\config\ApplicationProperties.java
C:\ADS\sfd\src\main\java\carmes\fnm\sfdapp\gateway\responserewriting\SwaggerBasePathRewritingFilter.java
C:\ADS\sfd\src\main\java\carmes\fnm\sfdapp\service\AuthorityService.java
C:\ADS\sfd\src\main\java\carmes\fnm\sfdapp\config\SecurityConfiguration.java
C:\ADS\sfd\src\main\java\carmes\fnm\sfdapp\service\dto\AuthorityResourceCriteria.java
C:\ADS\sfd\src\main\java\carmes\fnm\sfdapp\service\util\RandomUtil.java
C:\ADS\sfd\src\main\java\carmes\fnm\sfdapp\web\rest\AuditResource.java
C:\ADS\sfd\src\main\java\carmes\fnm\sfdapp\web\rest\errors\CustomParameterizedException.java
C:\ADS\sfd\src\main\java\carmes\fnm\sfdapp\web\rest\errors\ExceptionTranslator.java
C:\ADS\sfd\src\main\java\carmes\fnm\sfdapp\web\rest\errors\FieldErrorVM.java
C:\ADS\sfd\src\main\java\carmes\fnm\sfdapp\web\rest\AuditUserResource.java
C:\ADS\sfd\src\main\java\carmes\fnm\sfdapp\web\rest\AuthorityResourceResource.java
C:\ADS\sfd\src\main\java\carmes\fnm\sfdapp\security\jwt\TokenProvider.java
C:\ADS\sfd\src\main\java\carmes\fnm\sfdapp\config\audit\package-info.java
C:\ADS\sfd\src\main\java\carmes\fnm\sfdapp\domain\Authority.java
C:\ADS\sfd\src\main\java\carmes\fnm\sfdapp\service\UserQueryService.java
C:\ADS\sfd\src\main\java\carmes\fnm\sfdapp\service\RessourceQueryService.java
C:\ADS\sfd\src\main\java\carmes\fnm\sfdapp\gateway\accesscontrol\AccessControlFilter.java
C:\ADS\sfd\src\main\java\carmes\fnm\sfdapp\util\RessourceCodeInfo.java
C:\ADS\sfd\src\main\java\carmes\fnm\sfdapp\repository\SPUserRepository.java
C:\ADS\sfd\src\main\java\carmes\fnm\sfdapp\util\ListeUtilisateurParProfilInfo.java
C:\ADS\sfd\src\main\java\carmes\fnm\sfdapp\web\rest\util\HeaderUtil.java
C:\ADS\sfd\src\main\java\carmes\fnm\sfdapp\repository\CustomUserRepository.java
C:\ADS\sfd\src\main\java\carmes\fnm\sfdapp\service\dto\AuthorityResourceDTO.java
C:\ADS\sfd\src\main\java\carmes\fnm\sfdapp\security\package-info.java
C:\ADS\sfd\src\main\java\carmes\fnm\sfdapp\service\UserServiceCustom.java
C:\ADS\sfd\src\main\java\carmes\fnm\sfdapp\security\UserNotActivatedException.java
C:\ADS\sfd\src\main\java\carmes\fnm\sfdapp\service\UserService.java
C:\ADS\sfd\src\main\java\carmes\fnm\sfdapp\SfdApp.java
C:\ADS\sfd\src\main\java\carmes\fnm\sfdapp\util\CarmesResultInfo.java
C:\ADS\sfd\src\main\java\carmes\fnm\sfdapp\config\audit\AuditEventConverter.java
C:\ADS\sfd\src\main\java\carmes\fnm\sfdapp\repository\SPUserRepositoryImpl.java
C:\ADS\sfd\src\main\java\carmes\fnm\sfdapp\service\mapper\CustomUserMapper.java
C:\ADS\sfd\src\main\java\carmes\fnm\sfdapp\gateway\TokenRelayFilter.java
C:\ADS\sfd\src\main\java\carmes\fnm\sfdapp\service\dto\UserDTO.java
C:\ADS\sfd\src\main\java\carmes\fnm\sfdapp\web\rest\AuthorityResource.java
C:\ADS\sfd\src\main\java\carmes\fnm\sfdapp\aop\logging\LoggingAspect.java
C:\ADS\sfd\src\main\java\carmes\fnm\sfdapp\config\WebConfigurer.java
C:\ADS\sfd\src\main\java\carmes\fnm\sfdapp\domain\PersistentAuditEvent.java
C:\ADS\sfd\src\main\java\carmes\fnm\sfdapp\config\DataSourceConfig.java
C:\ADS\sfd\src\main\java\carmes\fnm\sfdapp\service\AuditEventService.java
C:\ADS\sfd\src\main\java\carmes\fnm\sfdapp\web\rest\UserResourceCustom.java
C:\ADS\sfd\src\main\java\carmes\fnm\sfdapp\util\ListeUtilisateurAgenceInfo.java
C:\ADS\sfd\src\main\java\carmes\fnm\sfdapp\service\dto\CustomUserDTO.java
C:\ADS\sfd\src\main\java\carmes\fnm\sfdapp\domain\Ressource.java
C:\ADS\sfd\src\main\java\carmes\fnm\sfdapp\security\SpringSecurityAuditorAware.java
C:\ADS\sfd\src\main\java\carmes\fnm\sfdapp\web\rest\errors\ErrorConstants.java
C:\ADS\sfd\src\main\java\carmes\fnm\sfdapp\config\DefaultProfileUtil.java
C:\ADS\sfd\src\main\java\carmes\fnm\sfdapp\repository\RessourceRepository.java
C:\ADS\sfd\src\main\java\carmes\fnm\sfdapp\web\rest\AccountResource.java
C:\ADS\sfd\src\main\java\carmes\fnm\sfdapp\security\AuthoritiesConstants.java
C:\ADS\sfd\src\main\java\carmes\fnm\sfdapp\service\dto\UserCriteria.java
C:\ADS\sfd\src\main\java\carmes\fnm\sfdapp\domain\DefaultEntity.java
C:\ADS\sfd\src\main\java\carmes\fnm\sfdapp\repository\AuthorityRepository.java
C:\ADS\sfd\src\main\java\carmes\fnm\sfdapp\security\UserNotAuthorizedOnPlatformException.java
C:\ADS\sfd\src\main\java\carmes\fnm\sfdapp\service\mapper\AuthorityResourceMapper.java
C:\ADS\sfd\src\main\java\carmes\fnm\sfdapp\service\mapper\UserMapper.java
C:\ADS\sfd\src\main\java\carmes\fnm\sfdapp\web\rest\package-info.java
C:\ADS\sfd\src\main\java\carmes\fnm\sfdapp\repository\AuthorityResourceRepository.java
C:\ADS\sfd\src\main\java\carmes\fnm\sfdapp\service\AuthorityQueryService.java
C:\ADS\sfd\src\main\java\carmes\fnm\sfdapp\util\UserResourceAgenceInfo.java
C:\ADS\sfd\src\main\java\carmes\fnm\sfdapp\config\Constants.java
C:\ADS\sfd\src\main\java\carmes\fnm\sfdapp\service\dto\CustomUserCriteria.java
C:\ADS\sfd\src\main\java\carmes\fnm\sfdapp\util\Util.java
C:\ADS\sfd\src\main\java\carmes\fnm\sfdapp\web\rest\LogsResource.java
C:\ADS\sfd\src\main\java\carmes\fnm\sfdapp\web\rest\UserJWTController.java
C:\ADS\sfd\src\main\java\carmes\fnm\sfdapp\service\mapper\EntityMapper.java
C:\ADS\sfd\src\main\java\carmes\fnm\sfdapp\repository\UserRepositoryCustom.java
C:\ADS\sfd\src\main\java\carmes\fnm\sfdapp\service\MailService.java
C:\ADS\sfd\src\main\java\carmes\fnm\sfdapp\util\QrCodeUserFNMInfo.java
C:\ADS\sfd\src\main\java\carmes\fnm\sfdapp\web\rest\RessourceResource.java
C:\ADS\sfd\src\main\java\carmes\fnm\sfdapp\web\rest\vm\LoginVM.java
C:\ADS\sfd\src\main\java\carmes\fnm\sfdapp\domain\package-info.java
C:\ADS\sfd\src\main\java\carmes\fnm\sfdapp\service\dto\RessourceCriteria.java
C:\ADS\sfd\src\main\java\carmes\fnm\sfdapp\web\rest\vm\KeyAndPasswordVM.java
C:\ADS\sfd\src\main\java\carmes\fnm\sfdapp\config\ThymeleafConfiguration.java
C:\ADS\sfd\src\main\java\carmes\fnm\sfdapp\util\ResultInfo.java
C:\ADS\sfd\src\main\java\carmes\fnm\sfdapp\config\DateTimeFormatConfiguration.java
C:\ADS\sfd\src\main\java\carmes\fnm\sfdapp\service\CustomUserService.java
C:\ADS\sfd\src\main\java\carmes\fnm\sfdapp\service\dto\RessourceDTO.java
C:\ADS\sfd\src\main\java\carmes\fnm\sfdapp\service\DataSourceService.java
C:\ADS\sfd\src\main\java\carmes\fnm\sfdapp\config\LoggingAspectConfiguration.java
C:\ADS\sfd\src\main\java\carmes\fnm\sfdapp\service\RessourceService.java
C:\ADS\sfd\src\main\java\carmes\fnm\sfdapp\web\rest\vm\RouteVM.java
C:\ADS\sfd\src\main\java\carmes\fnm\sfdapp\repository\CustomAuditEventRepository.java
C:\ADS\sfd\src\main\java\carmes\fnm\sfdapp\security\jwt\JWTFilter.java
C:\ADS\sfd\src\main\java\carmes\fnm\sfdapp\config\GatewayConfiguration.java
C:\ADS\sfd\src\main\java\carmes\fnm\sfdapp\web\rest\errors\ParameterizedErrorVM.java
C:\ADS\sfd\src\main\java\carmes\fnm\sfdapp\repository\UserRepository.java
C:\ADS\sfd\src\main\java\carmes\fnm\sfdapp\service\dto\AuthorityDTO.java
C:\ADS\sfd\src\main\java\carmes\fnm\sfdapp\util\QrCodeUserSFDInfo.java
C:\ADS\sfd\src\main\java\carmes\fnm\sfdapp\util\UserSFDInfo.java
C:\ADS\sfd\src\main\java\carmes\fnm\sfdapp\web\rest\util\PaginationUtil.java
C:\ADS\sfd\src\main\java\carmes\fnm\sfdapp\config\LocaleConfiguration.java
C:\ADS\sfd\src\main\java\carmes\fnm\sfdapp\config\ElasticsearchConfiguration.java
C:\ADS\sfd\src\main\java\carmes\fnm\sfdapp\domain\enumeration\TypeUser.java
C:\ADS\sfd\src\main\java\carmes\fnm\sfdapp\repository\UserRepositoryCustom2.java
C:\ADS\sfd\src\main\java\carmes\fnm\sfdapp\web\rest\vm\LoggerVM.java
C:\ADS\sfd\src\main\java\carmes\fnm\sfdapp\domain\User.java
C:\ADS\sfd\src\main\java\carmes\fnm\sfdapp\repository\package-info.java
C:\ADS\sfd\src\main\java\carmes\fnm\sfdapp\util\RessourceInfo.java
C:\ADS\sfd\src\main\java\carmes\fnm\sfdapp\security\jwt\JWTConfigurer.java
C:\ADS\sfd\src\main\java\carmes\fnm\sfdapp\web\rest\errors\ErrorVM.java
C:\ADS\sfd\src\main\java\carmes\fnm\sfdapp\service\AuthorityResourceService.java
